// Jest Snapshot v1, https://goo.gl/fbAQLP

exports[`Thing renders without crashing 1`] = `
Array [
  undefined,
  Object {
    "a": 0,
    "b": 0,
    "version": 1,
  },
  Object {
    "a": 0,
    "b": 0,
    "version": 2,
  },
  Object {
    "a": 1,
    "b": 0,
    "version": 2,
  },
  Object {
    "a": 1,
    "b": 1,
    "version": 2,
  },
  Object {
    "a": 2,
    "b": 1,
    "version": 2,
  },
  Object {
    "c": 3,
    "version": 3,
  },
  Object {
    "c": 4,
    "version": 3,
  },
]
`;
