// Jest Snapshot v1, https://goo.gl/fbAQLP

exports[`ObserveAsync works with simple case 1`] = `
Array [
  Object {
    "pending": true,
    "refresh": [Function],
  },
  Object {
    "pending": false,
    "refresh": [Function],
    "result": 4,
  },
]
`;

exports[`ObserveAsync works with some dependants 1`] = `
Array [
  Array [
    7,
    17,
  ],
  Array [
    6,
    17,
  ],
  Array [
    7,
    17,
  ],
  Array [
    5,
    2,
  ],
  Array [
    9,
    2,
  ],
]
`;

exports[`asyncState should work 1`] = `
Array [
  15,
  13,
  23,
  46,
]
`;
